RUNTIME ERROR: empty array: `head`
	../main.libsonnet:(12:5)-(13:9)	function <anonymous>
	error.head.emptyarray.jsonnet:3:1-11	
