RUNTIME ERROR: not array: `head`
	../main.libsonnet:(15:5)-(17:9)	function <anonymous>
	error.head.notarray.jsonnet:3:1-10	
