RUNTIME ERROR: not array: `last`
	../main.libsonnet:(21:5)-(23:25)	function <anonymous>
	error.last.notarray.jsonnet:3:1-10	
